// Jest Snapshot v1, https://goo.gl/fbAQLP

exports[`OrgSignUp renders correctly 1`] = `
<View
  onLayout={[Function]}
>
  <RCTScrollView>
    <View>
      <View
        accessible={true}
        focusable={true}
        onClick={[Function]}
        onResponderGrant={[Function]}
        onResponderMove={[Function]}
        onResponderRelease={[Function]}
        onResponderTerminate={[Function]}
        onResponderTerminationRequest={[Function]}
        onStartShouldSetResponder={[Function]}
        style={
          Array [
            Object {
              "backgroundColor": "#fafafa",
              "flexBasis": 0,
              "flexGrow": 1,
              "flexShrink": 1,
              "paddingBottom": 0,
              "paddingLeft": 0,
              "paddingRight": 0,
              "paddingTop": 0,
            },
          ]
        }
      >
        <View
          style={
            Array [
              Object {
                "alignSelf": "center",
                "backgroundColor": "#fafafa",
                "flexBasis": 0,
                "flexGrow": 2,
                "flexShrink": 1,
                "paddingBottom": 24,
                "paddingLeft": 24,
                "paddingRight": 24,
                "paddingTop": "25%",
                "width": "100%",
              },
            ]
          }
        >
          <View
            style={
              Array [
                Object {
                  "justifyContent": "flex-start",
                  "width": "90%",
                },
              ]
            }
          >
            <View>
              <View
                style={
                  Array [
                    Object {
                      "left": "2%",
                      "position": "absolute",
                      "top": "60%",
                      "zIndex": 1,
                    },
                  ]
                }
              >
                <Text />
              </View>
              <Text
                style={
                  Array [
                    Object {
                      "color": "#f38484",
                      "fontSize": 16,
                      "paddingBottom": 0,
                      "paddingLeft": 5,
                      "paddingRight": 5,
                      "paddingTop": 5,
                      "textAlign": "left",
                    },
                  ]
                }
              >
                Company Name
              </Text>
              <TextInput
                allowFontScaling={true}
                onChangeText={[Function]}
                placeholder="John Doe"
                rejectResponderTermination={true}
                style={
                  Array [
                    Object {
                      "backgroundColor": "#fafafa",
                      "borderBottomWidth": 3,
                      "borderColor": "#d3d3d3",
                      "color": "#212121",
                      "marginBottom": 35,
                      "paddingBottom": 10,
                      "paddingLeft": 10,
                      "paddingRight": 10,
                      "paddingTop": 5,
                    },
                  ]
                }
                underlineColorAndroid="transparent"
                value=""
              />
            </View>
            <View>
              <View
                style={
                  Array [
                    Object {
                      "left": "2%",
                      "position": "absolute",
                      "top": "60%",
                      "zIndex": 1,
                    },
                  ]
                }
              >
                <Text />
              </View>
              <Text
                style={
                  Array [
                    Object {
                      "color": "#f38484",
                      "fontSize": 16,
                      "paddingBottom": 0,
                      "paddingLeft": 5,
                      "paddingRight": 5,
                      "paddingTop": 5,
                      "textAlign": "left",
                    },
                  ]
                }
              >
                Company Email
              </Text>
              <TextInput
                allowFontScaling={true}
                keyboardType="email-address"
                onChangeText={[Function]}
                placeholder="johndoe@acme.com"
                rejectResponderTermination={true}
                style={
                  Array [
                    Object {
                      "backgroundColor": "#fafafa",
                      "borderBottomWidth": 3,
                      "borderColor": "#d3d3d3",
                      "color": "#212121",
                      "marginBottom": 35,
                      "paddingBottom": 10,
                      "paddingLeft": 10,
                      "paddingRight": 10,
                      "paddingTop": 5,
                    },
                  ]
                }
                underlineColorAndroid="transparent"
                value=""
              />
            </View>
            <View>
              <View
                style={
                  Array [
                    Object {
                      "left": "2%",
                      "position": "absolute",
                      "top": "60%",
                      "zIndex": 1,
                    },
                  ]
                }
              >
                <Text />
              </View>
              <Text
                style={
                  Array [
                    Object {
                      "color": "#f38484",
                      "fontSize": 16,
                      "paddingBottom": 0,
                      "paddingLeft": 5,
                      "paddingRight": 5,
                      "paddingTop": 5,
                      "textAlign": "left",
                    },
                  ]
                }
              >
                Company Phone No
              </Text>
              <TextInput
                allowFontScaling={true}
                onChangeText={[Function]}
                placeholder="303 309 9200"
                rejectResponderTermination={true}
                style={
                  Array [
                    Object {
                      "backgroundColor": "#fafafa",
                      "borderBottomWidth": 3,
                      "borderColor": "#d3d3d3",
                      "color": "#212121",
                      "marginBottom": 35,
                      "paddingBottom": 10,
                      "paddingLeft": 10,
                      "paddingRight": 10,
                      "paddingTop": 5,
                    },
                  ]
                }
                underlineColorAndroid="transparent"
                value=""
              />
            </View>
            <View>
              <View
                style={
                  Array [
                    Object {
                      "left": "2%",
                      "position": "absolute",
                      "top": "60%",
                      "zIndex": 1,
                    },
                  ]
                }
              >
                <Text />
              </View>
              <Text
                style={
                  Array [
                    Object {
                      "color": "#f38484",
                      "fontSize": 16,
                      "paddingBottom": 0,
                      "paddingLeft": 5,
                      "paddingRight": 5,
                      "paddingTop": 5,
                      "textAlign": "left",
                    },
                  ]
                }
              >
                Org Code
              </Text>
              <TextInput
                allowFontScaling={true}
                autoCapitalize="characters"
                onChangeText={[Function]}
                placeholder="ACME101"
                rejectResponderTermination={true}
                style={
                  Array [
                    Object {
                      "backgroundColor": "#fafafa",
                      "borderBottomWidth": 3,
                      "borderColor": "#d3d3d3",
                      "color": "#212121",
                      "marginBottom": 35,
                      "paddingBottom": 10,
                      "paddingLeft": 10,
                      "paddingRight": 10,
                      "paddingTop": 5,
                    },
                  ]
                }
                underlineColorAndroid="transparent"
                value=""
              />
            </View>
            <View>
              <View
                style={
                  Array [
                    Object {
                      "left": "2%",
                      "position": "absolute",
                      "top": "60%",
                      "zIndex": 1,
                    },
                  ]
                }
              >
                <Text />
              </View>
              <Text
                style={
                  Array [
                    Object {
                      "color": "#f38484",
                      "fontSize": 16,
                      "paddingBottom": 0,
                      "paddingLeft": 5,
                      "paddingRight": 5,
                      "paddingTop": 5,
                      "textAlign": "left",
                    },
                  ]
                }
              >
                Password
              </Text>
              <TextInput
                allowFontScaling={true}
                onChangeText={[Function]}
                placeholder="* * * * * * *"
                rejectResponderTermination={true}
                secureTextEntry={true}
                style={
                  Array [
                    Object {
                      "backgroundColor": "#fafafa",
                      "borderBottomWidth": 3,
                      "borderColor": "#d3d3d3",
                      "color": "#212121",
                      "marginBottom": 35,
                      "paddingBottom": 10,
                      "paddingLeft": 10,
                      "paddingRight": 10,
                      "paddingTop": 5,
                    },
                  ]
                }
                underlineColorAndroid="transparent"
                value=""
              />
              <View
                accessible={true}
                focusable={true}
                onClick={[Function]}
                onResponderGrant={[Function]}
                onResponderMove={[Function]}
                onResponderRelease={[Function]}
                onResponderTerminate={[Function]}
                onResponderTerminationRequest={[Function]}
                onStartShouldSetResponder={[Function]}
                style={
                  Object {
                    "height": 35,
                    "opacity": 1,
                    "position": "absolute",
                    "right": 1,
                    "top": 35,
                    "width": 35,
                    "zIndex": 200,
                  }
                }
              >
                <Text />
              </View>
            </View>
            <View>
              <View
                style={
                  Array [
                    Object {
                      "left": "2%",
                      "position": "absolute",
                      "top": "60%",
                      "zIndex": 1,
                    },
                  ]
                }
              >
                <Text />
              </View>
              <Text
                style={
                  Array [
                    Object {
                      "color": "#f38484",
                      "fontSize": 16,
                      "paddingBottom": 0,
                      "paddingLeft": 5,
                      "paddingRight": 5,
                      "paddingTop": 5,
                      "textAlign": "left",
                    },
                  ]
                }
              >
                Confirm Password
              </Text>
              <TextInput
                allowFontScaling={true}
                onChangeText={[Function]}
                placeholder="* * * * * * *"
                rejectResponderTermination={true}
                secureTextEntry={true}
                style={
                  Array [
                    Object {
                      "backgroundColor": "#fafafa",
                      "borderBottomWidth": 3,
                      "borderColor": "#d3d3d3",
                      "color": "#212121",
                      "marginBottom": 35,
                      "paddingBottom": 10,
                      "paddingLeft": 10,
                      "paddingRight": 10,
                      "paddingTop": 5,
                    },
                  ]
                }
                underlineColorAndroid="transparent"
                value=""
              />
              <View
                accessible={true}
                focusable={true}
                onClick={[Function]}
                onResponderGrant={[Function]}
                onResponderMove={[Function]}
                onResponderRelease={[Function]}
                onResponderTerminate={[Function]}
                onResponderTerminationRequest={[Function]}
                onStartShouldSetResponder={[Function]}
                style={
                  Object {
                    "height": 35,
                    "opacity": 1,
                    "position": "absolute",
                    "right": 1,
                    "top": 35,
                    "width": 35,
                    "zIndex": 200,
                  }
                }
              >
                <Text />
              </View>
            </View>
            <View>
              <View
                style={
                  Array [
                    Object {
                      "left": "2%",
                      "position": "absolute",
                      "top": "60%",
                      "zIndex": 1,
                    },
                  ]
                }
              >
                <Text />
              </View>
              <Text
                style={
                  Array [
                    Object {
                      "color": "#f38484",
                      "fontSize": 16,
                      "paddingBottom": 0,
                      "paddingLeft": 5,
                      "paddingRight": 5,
                      "paddingTop": 5,
                      "textAlign": "left",
                    },
                  ]
                }
              >
                Address
              </Text>
              <TextInput
                allowFontScaling={true}
                onChangeText={[Function]}
                placeholder="123 Main St"
                rejectResponderTermination={true}
                style={
                  Array [
                    Object {
                      "backgroundColor": "#fafafa",
                      "borderBottomWidth": 3,
                      "borderColor": "#d3d3d3",
                      "color": "#212121",
                      "marginBottom": 35,
                      "paddingBottom": 10,
                      "paddingLeft": 10,
                      "paddingRight": 10,
                      "paddingTop": 5,
                    },
                  ]
                }
                underlineColorAndroid="transparent"
                value=""
              />
            </View>
            <View
              style={
                Array [
                  Object {
                    "alignItems": "center",
                    "flexDirection": "row",
                    "justifyContent": undefined,
                  },
                ]
              }
            >
              <View>
                <View
                  style={
                    Array [
                      Object {
                        "left": "2%",
                        "position": "absolute",
                        "top": "60%",
                        "zIndex": 1,
                      },
                    ]
                  }
                >
                  <Text />
                </View>
                <Text
                  style={
                    Array [
                      Object {
                        "color": "#f38484",
                        "fontSize": 16,
                        "paddingBottom": 0,
                        "paddingLeft": 5,
                        "paddingRight": 5,
                        "paddingTop": 5,
                        "textAlign": "left",
                      },
                    ]
                  }
                >
                  City
                </Text>
                <TextInput
                  allowFontScaling={true}
                  onChangeText={[Function]}
                  placeholder="Denver"
                  rejectResponderTermination={true}
                  style={
                    Array [
                      Object {
                        "backgroundColor": "#fafafa",
                        "borderBottomWidth": 3,
                        "borderColor": "#d3d3d3",
                        "color": "#212121",
                        "marginBottom": 35,
                        "paddingBottom": 10,
                        "paddingLeft": 10,
                        "paddingRight": 10,
                        "paddingTop": 5,
                      },
                    ]
                  }
                  underlineColorAndroid="transparent"
                  value=""
                />
              </View>
              <View
                style={
                  Array [
                    Object {
                      "width": 20,
                    },
                  ]
                }
              />
              <View>
                <View
                  style={
                    Array [
                      Object {
                        "left": "2%",
                        "position": "absolute",
                        "top": "60%",
                        "zIndex": 1,
                      },
                    ]
                  }
                >
                  <Text />
                </View>
                <Text
                  style={
                    Array [
                      Object {
                        "color": "#f38484",
                        "fontSize": 16,
                        "paddingBottom": 0,
                        "paddingLeft": 5,
                        "paddingRight": 5,
                        "paddingTop": 5,
                        "textAlign": "left",
                      },
                    ]
                  }
                >
                  State
                </Text>
                <TextInput
                  allowFontScaling={true}
                  onChangeText={[Function]}
                  placeholder="CO"
                  rejectResponderTermination={true}
                  style={
                    Array [
                      Object {
                        "backgroundColor": "#fafafa",
                        "borderBottomWidth": 3,
                        "borderColor": "#d3d3d3",
                        "color": "#212121",
                        "marginBottom": 35,
                        "paddingBottom": 10,
                        "paddingLeft": 10,
                        "paddingRight": 10,
                        "paddingTop": 5,
                      },
                    ]
                  }
                  underlineColorAndroid="transparent"
                  value=""
                />
              </View>
            </View>
            <View
              style={
                Array [
                  Object {
                    "alignItems": "center",
                    "flexDirection": "row",
                    "justifyContent": undefined,
                  },
                ]
              }
            >
              <View>
                <View
                  style={
                    Array [
                      Object {
                        "left": "2%",
                        "position": "absolute",
                        "top": "60%",
                        "zIndex": 1,
                      },
                    ]
                  }
                >
                  <Text />
                </View>
                <Text
                  style={
                    Array [
                      Object {
                        "color": "#f38484",
                        "fontSize": 16,
                        "paddingBottom": 0,
                        "paddingLeft": 5,
                        "paddingRight": 5,
                        "paddingTop": 5,
                        "textAlign": "left",
                      },
                    ]
                  }
                >
                  Country
                </Text>
                <TextInput
                  allowFontScaling={true}
                  onChangeText={[Function]}
                  placeholder="United States"
                  rejectResponderTermination={true}
                  style={
                    Array [
                      Object {
                        "backgroundColor": "#fafafa",
                        "borderBottomWidth": 3,
                        "borderColor": "#d3d3d3",
                        "color": "#212121",
                        "marginBottom": 35,
                        "paddingBottom": 10,
                        "paddingLeft": 10,
                        "paddingRight": 10,
                        "paddingTop": 5,
                      },
                    ]
                  }
                  underlineColorAndroid="transparent"
                  value=""
                />
              </View>
              <View
                style={
                  Array [
                    Object {
                      "width": 20,
                    },
                  ]
                }
              />
              <View>
                <View
                  style={
                    Array [
                      Object {
                        "left": "2%",
                        "position": "absolute",
                        "top": "60%",
                        "zIndex": 1,
                      },
                    ]
                  }
                >
                  <Text />
                </View>
                <Text
                  style={
                    Array [
                      Object {
                        "color": "#f38484",
                        "fontSize": 16,
                        "paddingBottom": 0,
                        "paddingLeft": 5,
                        "paddingRight": 5,
                        "paddingTop": 5,
                        "textAlign": "left",
                      },
                    ]
                  }
                >
                  Zip Code
                </Text>
                <TextInput
                  allowFontScaling={true}
                  onChangeText={[Function]}
                  placeholder="90210"
                  rejectResponderTermination={true}
                  style={
                    Array [
                      Object {
                        "backgroundColor": "#fafafa",
                        "borderBottomWidth": 3,
                        "borderColor": "#d3d3d3",
                        "color": "#212121",
                        "marginBottom": 35,
                        "paddingBottom": 10,
                        "paddingLeft": 10,
                        "paddingRight": 10,
                        "paddingTop": 5,
                      },
                    ]
                  }
                  underlineColorAndroid="transparent"
                  value=""
                />
              </View>
            </View>
            <View
              style={
                Array [
                  Object {
                    "alignItems": "center",
                    "flexDirection": "row",
                    "justifyContent": undefined,
                  },
                ]
              }
            >
              <View
                accessible={true}
                focusable={true}
                onClick={[Function]}
                onResponderGrant={[Function]}
                onResponderMove={[Function]}
                onResponderRelease={[Function]}
                onResponderTerminate={[Function]}
                onResponderTerminationRequest={[Function]}
                onStartShouldSetResponder={[Function]}
                style={
                  Object {
                    "alignItems": "center",
                    "backgroundColor": "#d64547",
                    "borderRadius": 35,
                    "height": 50,
                    "justifyContent": "space-around",
                    "opacity": 1,
                    "width": "100%",
                  }
                }
              >
                <Text
                  style={
                    Array [
                      Object {
                        "color": "#f5f5f5",
                        "fontSize": 12,
                        "fontWeight": "bold",
                      },
                    ]
                  }
                >
                  sign up
                </Text>
              </View>
            </View>
          </View>
        </View>
      </View>
    </View>
  </RCTScrollView>
</View>
`;
